// Bun Snapshot v1, https://bun.sh/docs/test/snapshots

exports[`TableIconButton renders edit button correctly 1`] = `
{
  "$$typeof": Symbol(react.test.json),
  "children": null,
  "props": {
    "style": {
      "alignItems": "center",
      "justifyContent": "center",
      "width": "100%",
    },
    "testID": undefined,
  },
  "type": "View",
}
`;

exports[`TableIconButton renders drawer open button correctly 1`] = `
{
  "$$typeof": Symbol(react.test.json),
  "children": null,
  "props": {
    "style": {
      "alignItems": "center",
      "justifyContent": "center",
      "width": "100%",
    },
    "testID": undefined,
  },
  "type": "View",
}
`;

exports[`TableIconButton renders drawer close button correctly 1`] = `
{
  "$$typeof": Symbol(react.test.json),
  "children": null,
  "props": {
    "style": {
      "alignItems": "center",
      "justifyContent": "center",
      "width": "100%",
    },
    "testID": undefined,
  },
  "type": "View",
}
`;

exports[`TableIconButton renders insert button correctly 1`] = `
{
  "$$typeof": Symbol(react.test.json),
  "children": null,
  "props": {
    "style": {
      "alignItems": "center",
      "justifyContent": "center",
      "width": "100%",
    },
    "testID": undefined,
  },
  "type": "View",
}
`;

exports[`TableIconButton renders save and close button correctly 1`] = `
{
  "$$typeof": Symbol(react.test.json),
  "children": null,
  "props": {
    "style": {
      "alignItems": "center",
      "justifyContent": "center",
      "width": "100%",
    },
    "testID": undefined,
  },
  "type": "View",
}
`;
