// Bun Snapshot v1, https://bun.sh/docs/test/snapshots

exports[`FieldTitle renders correctly 1`] = `
{
  "$$typeof": Symbol(react.test.json),
  "children": [
    "Email Address",
  ],
  "props": {
    "style": {
      "color": "#1C1C1C",
      "fontSize": 14,
      "fontWeight": 600,
      "lineHeight": 22.4,
    },
  },
  "type": "Text",
}
`;
