// Bun Snapshot v1, https://bun.sh/docs/test/snapshots

exports[`Avatar renders correctly with default props 1`] = `
{
  "$$typeof": Symbol(react.test.json),
  "children": [
    {
      "$$typeof": Symbol(react.test.json),
      "children": [
        {
          "$$typeof": Symbol(react.test.json),
          "children": null,
          "props": {
            "accessibilityIgnoresInvertColors": true,
            "onError": [Function],
            "source": {
              "cache": "force-cache",
              "uri": "https://example.com/avatar.jpg",
            },
            "style": {
              "borderColor": "transparent",
              "borderRadius": 28,
              "borderWidth": 0,
              "height": 56,
              "overflow": "hidden",
            },
            "testID": "avatar-image",
          },
          "type": "Image",
        },
      ],
      "props": {
        "aria-role": "button",
        "style": {
          "borderRadius": 1,
          "cursor": "auto",
          "overflow": "hidden",
          "position": "relative",
        },
      },
      "type": "Pressable",
    },
  ],
  "props": {
    "accessibilityHint": "Avatar image",
    "aria-label": "John Doe's avatar",
    "aria-role": "image",
    "style": {
      "height": 56,
      "position": "relative",
      "width": 56,
    },
    "testID": undefined,
  },
  "type": "View",
}
`;
