// Bun Snapshot v1, https://bun.sh/docs/test/snapshots

exports[`DateTimeActionSheet renders correctly with datetime type 1`] = `null`;

exports[`DateTimeActionSheet renders correctly with date type 1`] = `null`;

exports[`DateTimeActionSheet renders correctly with time type 1`] = `null`;

exports[`DateTimeActionSheet renders correctly when not visible 1`] = `null`;

exports[`DateTimeActionSheet renders with custom timezone 1`] = `null`;
