// Bun Snapshot v1, https://bun.sh/docs/test/snapshots

exports[`PasswordField renders correctly 1`] = `
{
  "$$typeof": Symbol(react.test.json),
  "children": null,
  "props": {
    "onPointerEnter": [Function: AsyncFunction],
    "onPointerLeave": [Function: AsyncFunction],
    "style": {},
    "testID": undefined,
  },
  "type": "View",
}
`;
