// Bun Snapshot v1, https://bun.sh/docs/test/snapshots

exports[`SectionDivider renders correctly 1`] = `
{
  "$$typeof": Symbol(react.test.json),
  "children": null,
  "props": {
    "onPointerEnter": [Function: AsyncFunction],
    "onPointerLeave": [Function: AsyncFunction],
    "style": {
      "aria-hidden": true,
      "height": 1,
      "style": {
        "backgroundColor": "#9A9A9A",
      },
      "width": "100%",
    },
    "testID": undefined,
  },
  "type": "View",
}
`;

exports[`SectionDivider is hidden from accessibility 1`] = `
{
  "$$typeof": Symbol(react.test.json),
  "children": null,
  "props": {
    "onPointerEnter": [Function: AsyncFunction],
    "onPointerLeave": [Function: AsyncFunction],
    "style": {
      "aria-hidden": true,
      "height": 1,
      "style": {
        "backgroundColor": "#9A9A9A",
      },
      "width": "100%",
    },
    "testID": undefined,
  },
  "type": "View",
}
`;
